// Jest Snapshot v1, https://goo.gl/fbAQLP

exports[`NavBar renders a snapshot properly 1`] = `
<nav
  aria-label="main navigation"
  className="navbar navbar-expand-lg navbar-light bg-light sticky-top"
  navbar="light"
  role="navigation"
>
  <a
    className="navbar-brand"
    href="/"
  >
    <img
      alt="SupplyIT logo"
      className="d-inline-block align-top"
      src="logo.png"
      width="110"
    />
  </a>
  <button
    aria-controls="navbar-bar"
    aria-label="Toggle navigation"
    className="navbar-toggler collapsed"
    onClick={[Function]}
    type="button"
  >
    <span
      className="navbar-toggler-icon"
    />
  </button>
  <div
    aria-expanded={null}
    className="navbar-collapse collapse"
    id="navbar-bar"
  >
    <div
      className="ml-auto navbar-nav"
      onKeyDown={[Function]}
    >
      <a
        className="active nav-link"
        data-rb-event-key="/"
        href="/"
        onClick={[Function]}
        onKeyDown={[Function]}
        style={Object {}}
      >
        Αρχική
      </a>
      <a
        className="nav-link"
        data-rb-event-key="/#getstarted"
        href="/#getstarted"
        onClick={[Function]}
        onKeyDown={[Function]}
      >
        Δοκιμάστε
      </a>
      <a
        className="nav-link"
        data-rb-event-key="/#howitworks"
        href="/#howitworks"
        onClick={[Function]}
        onKeyDown={[Function]}
      >
        Πως δουλεύει
      </a>
      <a
        className="nav-link"
        data-rb-event-key="/becomeSupplier"
        href="/becomeSupplier"
        onClick={[Function]}
        onKeyDown={[Function]}
      >
        Γίνετε προμηθευτής
      </a>
      <a
        className="btn-square btn btn-outline-success"
        data-testid="nav-login"
        href="/login"
        onClick={[Function]}
        onKeyDown={[Function]}
      >
        Σύνδεση
      </a>
    </div>
  </div>
</nav>
`;
